========================================================================
REAL-LORA 360M -- HuggingFaceTB/SmolLM2-360M-Instruct vs 135M baseline
device: cuda
========================================================================
Warning: You are sending unauthenticated requests to the HF Hub. Please set a HF_TOKEN to enable higher rate limits and faster downloads.
[transformers] `torch_dtype` is deprecated! Use `dtype` instead!
Loading weights:   0%|          | 0/290 [00:00<?, ?it/s]Loading weights:  46%|████▌     | 133/290 [00:00<00:00, 1329.03it/s]Loading weights:  92%|█████████▏| 266/290 [00:00<00:00, 1243.14it/s]Loading weights: 100%|██████████| 290/290 [00:00<00:00, 1263.31it/s]
training adapter_code on 62 QA pairs (360M)...
    [code] step 0/155 loss 9.905
    [code] step 20/155 loss 2.006
    [code] step 40/155 loss 1.575
    [code] step 60/155 loss 1.343
    [code] step 80/155 loss 1.189
    [code] step 100/155 loss 1.181
    [code] step 120/155 loss 1.262
    [code] step 140/155 loss 1.122
    [code] trained 155 steps in 70s, final loss 1.106
training adapter_education on 62 QA pairs (360M)...
    [education] step 0/155 loss 10.042
    [education] step 20/155 loss 2.274
    [education] step 40/155 loss 1.719
    [education] step 60/155 loss 1.833
    [education] step 80/155 loss 1.584
    [education] step 100/155 loss 1.547
    [education] step 120/155 loss 1.467
    [education] step 140/155 loss 1.571
    [education] trained 155 steps in 85s, final loss 1.278
training adapter_finance on 62 QA pairs (360M)...
    [finance] step 0/155 loss 10.332
    [finance] step 20/155 loss 2.051
    [finance] step 40/155 loss 1.617
    [finance] step 60/155 loss 1.751
    [finance] step 80/155 loss 1.526
    [finance] step 100/155 loss 1.561
    [finance] step 120/155 loss 1.570
    [finance] step 140/155 loss 1.692
    [finance] trained 155 steps in 86s, final loss 1.438
training adapter_law on 62 QA pairs (360M)...
    [law] step 0/155 loss 10.073
    [law] step 20/155 loss 1.842
    [law] step 40/155 loss 1.582
    [law] step 60/155 loss 1.442
    [law] step 80/155 loss 1.368
    [law] step 100/155 loss 1.258
    [law] step 120/155 loss 1.266
    [law] step 140/155 loss 1.134
    [law] trained 155 steps in 82s, final loss 1.067

adapter loss matrix (360M):
adapter            code    education      finance          law
code             8.4017      10.4450       9.2977       9.5073
education        8.5205       9.1837       8.7103       8.9723
finance          8.2981       9.5674       8.0726       8.9022
law              9.7067      11.2082      10.2302       9.7730
diagonal dominance: 2/4

routing accuracy (360M): 96.4% (54/56)
  code         92.9%  (13/14)
  education   100.0%  (14/14)
  finance     100.0%  (14/14)
  law          92.9%  (13/14)

vs 135M: 96.4% | random floor: 19.3%
360 done: 0
