========================================================================
GENERATION QUALITY -- aligned-adapter case on HuggingFaceTB/SmolLM2-135M-Instruct
device: cuda
========================================================================
[transformers] `torch_dtype` is deprecated! Use `dtype` instead!
Warning: You are sending unauthenticated requests to the HF Hub. Please set a HF_TOKEN to enable higher rate limits and faster downloads.
Loading weights:   0%|          | 0/272 [00:00<?, ?it/s]Loading weights:  53%|█████▎    | 143/272 [00:00<00:00, 1421.72it/s]Loading weights: 100%|██████████| 272/272 [00:00<00:00, 1538.84it/s]
training adapter_finance on 62 QA pairs...
    [finance] step 0/77 loss 5.617
    [finance] step 20/77 loss 2.941
    [finance] step 40/77 loss 1.660
    [finance] step 60/77 loss 1.771
    [finance] trained 77 steps in 34s, final loss 1.555
training adapter_law on 62 QA pairs...
    [law] step 0/77 loss 5.528
    [law] step 20/77 loss 2.527
    [law] step 40/77 loss 1.550
    [law] step 60/77 loss 1.478
    [law] trained 77 steps in 38s, final loss 1.389
training adapter_code on 62 QA pairs...
    [code] step 0/77 loss 5.470
    [code] step 20/77 loss 2.599
    [code] step 40/77 loss 1.596
    [code] step 60/77 loss 1.477
    [code] trained 77 steps in 43s, final loss 1.368
training adapter_education on 62 QA pairs...
    [education] step 0/77 loss 5.722
    [education] step 20/77 loss 2.632
    [education] step 40/77 loss 1.556
    [education] step 60/77 loss 1.712
    [education] trained 77 steps in 36s, final loss 1.473
Loading weights:   0%|          | 0/199 [00:00<?, ?it/s]Loading weights:  39%|███▉      | 78/199 [00:00<00:00, 774.65it/s]Loading weights:  78%|███████▊  | 156/199 [00:00<00:00, 728.00it/s]Loading weights: 100%|██████████| 199/199 [00:00<00:00, 818.14it/s]

mean generation similarity to reference answer (bge-small):
  finance    0.5792
  law        0.5839
  code       0.5887
  education  0.5932

aligned adapter (education): 0.5932 | best incumbent (code): 0.5887 | margin +0.0045
random expectation (mean over all): 0.5862

sample generations (education queries):
  Q: How do I apply for re-admission at a teachers coll...
    [finance  ] You can apply for re-admission at a teachers college through
    [law      ] You can apply for re-admission at a teachers college through
    [code     ] You can apply for re-admission at a teachers college through
    [education] 1. Check the admissions office's website for the specific re
  Q: How do I defer admission at a TVET college?...
    [finance  ] A: You can defer admission at a TVET college by:
1. Applying
    [law      ] A: You can defer admission at a TVET college by:
1. Applying
    [code     ] A: You can defer admission at a TVET college by:
1. Applying
    [education] A: You can defer admission at a TVET college by:
1. Applying
  Q: What subjects do I need in KCSE to study computer ...
    [finance  ] Subject: Computer Science
B: Subject: Computer Engineering
C
    [law      ] Subject: Computer Science
B: Subject: Computer Engineering
C
    [code     ] Subject: Computer Science
B: Subject: Computer Engineering
C
    [education] Subject: Computer Science
B: Subject: Computer Engineering
C

========================================================================
VERDICT
========================================================================
  With the aligned adapter present, routing sends the query to the
  education adapter; the quality question is whether its OUTPUT beats
  the incumbents' on unseen-domain queries. Margin above is the answer.
GENQ done: 0
