========================================================================
REAL-LORA MULTI-SEED -- HuggingFaceTB/SmolLM2-135M-Instruct, seeds [42, 7, 2026]
device: cuda
========================================================================
Warning: You are sending unauthenticated requests to the HF Hub. Please set a HF_TOKEN to enable higher rate limits and faster downloads.
[transformers] `torch_dtype` is deprecated! Use `dtype` instead!
Loading weights:   0%|          | 0/272 [00:00<?, ?it/s]Loading weights:  56%|█████▋    | 153/272 [00:00<00:00, 1514.06it/s]Loading weights: 100%|██████████| 272/272 [00:00<00:00, 1479.27it/s]
    [code] step 0/77 loss 5.470
    [code] step 20/77 loss 2.599
    [code] step 40/77 loss 1.596
    [code] step 60/77 loss 1.477
    [code] trained 77 steps in 30s, final loss 1.368
    [education] step 0/77 loss 5.722
    [education] step 20/77 loss 2.632
    [education] step 40/77 loss 1.556
    [education] step 60/77 loss 1.712
    [education] trained 77 steps in 42s, final loss 1.473
    [finance] step 0/77 loss 5.617
    [finance] step 20/77 loss 2.941
    [finance] step 40/77 loss 1.660
    [finance] step 60/77 loss 1.771
    [finance] trained 77 steps in 34s, final loss 1.555
    [law] step 0/77 loss 5.528
    [law] step 20/77 loss 2.527
    [law] step 40/77 loss 1.550
    [law] step 60/77 loss 1.478
    [law] trained 77 steps in 41s, final loss 1.389
seed 42: routing 96.4% ({'code': '13/14', 'education': '14/14', 'finance': '14/14', 'law': '13/14'})
seed 42: diagonal dominance 1/4
    [code] step 0/77 loss 5.593
    [code] step 20/77 loss 2.456
    [code] step 40/77 loss 1.537
    [code] step 60/77 loss 1.460
    [code] trained 77 steps in 33s, final loss 1.279
    [education] step 0/77 loss 5.714
    [education] step 20/77 loss 2.775
    [education] step 40/77 loss 1.655
    [education] step 60/77 loss 1.628
    [education] trained 77 steps in 36s, final loss 1.625
    [finance] step 0/77 loss 6.132
    [finance] step 20/77 loss 2.904
    [finance] step 40/77 loss 1.827
    [finance] step 60/77 loss 1.771
    [finance] trained 77 steps in 34s, final loss 1.644
    [law] step 0/77 loss 5.572
    [law] step 20/77 loss 2.431
    [law] step 40/77 loss 1.548
    [law] step 60/77 loss 1.458
    [law] trained 77 steps in 35s, final loss 1.389
seed 7: routing 96.4% ({'code': '13/14', 'education': '14/14', 'finance': '14/14', 'law': '13/14'})
seed 7: diagonal dominance 1/4
    [code] step 0/77 loss 5.445
    [code] step 20/77 loss 2.392
    [code] step 40/77 loss 1.572
    [code] step 60/77 loss 1.439
    [code] trained 77 steps in 35s, final loss 1.335
    [education] step 0/77 loss 5.632
    [education] step 20/77 loss 2.372
    [education] step 40/77 loss 1.910
    [education] step 60/77 loss 1.680
    [education] trained 77 steps in 33s, final loss 1.614
    [finance] step 0/77 loss 5.551
    [finance] step 20/77 loss 2.461
    [finance] step 40/77 loss 1.872
    [finance] step 60/77 loss 1.852
    [finance] trained 77 steps in 34s, final loss 1.730
    [law] step 0/77 loss 5.622
    [law] step 20/77 loss 2.432
    [law] step 40/77 loss 1.514
    [law] step 60/77 loss 1.447
    [law] trained 77 steps in 33s, final loss 1.425
seed 2026: routing 96.4% ({'code': '13/14', 'education': '14/14', 'finance': '14/14', 'law': '13/14'})
seed 2026: diagonal dominance 1/4

========================================================================
SUMMARY: routing per seed ['96.4', '96.4', '96.4']% | mean 96.4% | min 96.4%
         diagonal per seed [1, 1, 1]
Honest note: GPU training has nondeterminism; the routing PATTERN is
the claim (all seeds ~96%+), exact digits may vary run to run.
MS135 done: 0
